[technext.github.io/health-center/index.html]
[backblue.gif]
[fade.gif]
[index.html]
[technext.github.io/health-center/css/bootstrap.min.css]
[technext.github.io/health-center/css/font-awesome.min.css]
[technext.github.io/health-center/css/animate.css]
[technext.github.io/health-center/css/owl.carousel.css]
[technext.github.io/health-center/css/owl.theme.default.min.css]
[technext.github.io/health-center/css/tooplate-style.css]
[technext.github.io/health-center/images/author-image.jpg]
[technext.github.io/health-center/images/team-image1.jpg]
[technext.github.io/health-center/images/team-image2.jpg]
[technext.github.io/health-center/images/team-image3.jpg]
[technext.github.io/health-center/news-detail.html]
[technext.github.io/health-center/images/news-image1.jpg]
[technext.github.io/health-center/images/news-image2.jpg]
[technext.github.io/health-center/images/news-image3.jpg]
[technext.github.io/health-center/images/appointment-image.jpg]
[technext.github.io/health-center/images/news-image.jpg]
[technext.github.io/health-center/js/jquery.js]
[technext.github.io/health-center/js/bootstrap.min.js]
[technext.github.io/health-center/js/jquery.sticky.js]
[technext.github.io/health-center/js/jquery.stellar.min.js]
[technext.github.io/health-center/js/wow.min.js]
[technext.github.io/health-center/js/smoothscroll.js]
[technext.github.io/health-center/js/owl.carousel.min.js]
[technext.github.io/health-center/index.html]
[technext.github.io/health-center/js/custom.js]
[technext.github.io/health-center/css/magnific-popup.css]
[technext.github.io/health-center/js/jquery.magnific-popup.min.js]
[technext.github.io/health-center/js/magnific-popup-options.js]
[technext.github.io/health-center/news-detail.html]
[technext.github.io/health-center/images/author-image.jpg]
[technext.github.io/health-center/images/team-image2.jpg]
[technext.github.io/health-center/images/news-image2.jpg]
[technext.github.io/health-center/images/news-image3.jpg]
[technext.github.io/health-center/fonts/glyphicons-halflings-regular.1c.delayed]
[technext.github.io/health-center/images/appointment-image.jpg]
[technext.github.io/health-center/images/news-image.jpg]
[technext.github.io/health-center/fonts/glyphicons-halflings-regulard41d.eot]
[technext.github.io/health-center/fonts/glyphicons-halflings-regular.1e.delayed]
[technext.github.io/health-center/fonts/glyphicons-halflings-regular.woff]
[technext.github.io/health-center/fonts/glyphicons-halflings-regular.ttf]
[technext.github.io/health-center/fonts/glyphicons-halflings-regular.svg]
[technext.github.io/health-center/css/bootstrap.min.css]
[technext.github.io/health-center/fonts/fontawesome-webfontd41d.eot]
[technext.github.io/health-center/fonts/fontawesome-webfont3e6e.eot]
[technext.github.io/health-center/fonts/fontawesome-webfont3e6e.woff2]
[technext.github.io/health-center/fonts/fontawesome-webfont3e6e.woff]
[technext.github.io/health-center/fonts/fontawesome-webfont3e6e.ttf]
[technext.github.io/health-center/css/font-awesome.min.css]
[technext.github.io/health-center/css/animate.css]
[technext.github.io/health-center/fonts/fontawesome-webfont3e6e.svg]
[technext.github.io/health-center/css/owl.video.play.png]
[technext.github.io/health-center/css/owl.carousel.css]
[technext.github.io/health-center/css/owl.theme.default.min.css]
[technext.github.io/health-center/images/slider1.jpg]
[technext.github.io/health-center/images/slider2.jpg]
[technext.github.io/health-center/images/slider3.jpg]
[technext.github.io/health-center/images/about-bg.jpg]
[technext.github.io/health-center/css/tooplate-style.css]
[technext.github.io/health-center/css/magnific-popup.html]
[technext.github.io/health-center/js/jquery.magnific-popup.min.html]
[technext.github.io/health-center/js/magnific-popup-options.html]
[technext.github.io/health-center/fonts/glyphicons-halflings-regular.html]
[technext.github.io/health-center/fonts/glyphicons-halflings-regulard41d.html]
[technext.github.io/health-center/fonts/glyphicons-halflings-regular-2.html]
[technext.github.io/health-center/fonts/glyphicons-halflings-regular-3.html]
[technext.github.io/health-center/fonts/glyphicons-halflings-regular-4.html]
[technext.github.io/health-center/fonts/glyphicons-halflings-regular-5.html]
[technext.github.io/health-center/fonts/fontawesome-webfont3e6e.svg]
[technext.github.io/health-center/css/owl.video.play.html]
